// Jest Snapshot v1, https://goo.gl/fbAQLP

exports[`Sidebar with header Test renders successfully 1`] = `[Function]`;
