// Jest Snapshot v1, https://goo.gl/fbAQLP

exports[`Home Page Test renders successfully 1`] = `[Function]`;
